2026-05-01T15:05:56.507+0545	[34mINFO[0m	server/main.go:48	Initializing database connection...
2026/05/01 15:05:56 Database connection established using PostgreSQL
2026-05-01T15:05:56.511+0545	[34mINFO[0m	server/main.go:55	Running database migrations...
2026-05-01T15:05:57.086+0545	[34mINFO[0m	server/main.go:127	Database migrations completed successfully
2026/05/01 15:05:57 Vector search indexes created/verified
2026-05-01T15:05:57.088+0545	[34mINFO[0m	server/main.go:131	Initializing MinIO...
2026-05-01T15:05:57.088+0545	[34mINFO[0m	utils/minio.go:35	Using MinIO API endpoint	{"endpoint": "studsphere-website-minio-4ybmxd-0b2e67-23-111-14-27.traefik.me"}
2026-05-01T15:05:57.325+0545	[33mWARN[0m	server/main.go:133	Failed to initialize MinIO (MinIO may not be running)	{"error": "failed to create bucket: The specified bucket does not exist."}
2026-05-01T15:05:57.326+0545	[34mINFO[0m	server/main.go:138	Initializing email queue...
2026-05-01T15:05:57.326+0545	[34mINFO[0m	emailqueue/service.go:40	Asynq initialized	{"redis": "localhost:6379", "db": 6}
2026-05-01T15:05:57.326+0545	[34mINFO[0m	server/main.go:142	Email queue initialized successfully
2026-05-01T15:05:57.326+0545	[34mINFO[0m	server/main.go:149	Email queue worker started in background
2026-05-01T15:05:57.326+0545	[34mINFO[0m	server/main.go:152	Seeding database...
asynq: pid=163905 2026/05/01 09:20:57.326355 INFO: Starting processing
2026-05-01T15:05:57.326+0545	[34mINFO[0m	emailqueue/worker.go:47	Asynq worker started	{"concurrency": 10}
2026/05/01 15:05:57 Cleared academic seed data
2026/05/01 15:05:57 Super admin credential refreshed for admin@studsphere.com
2026/05/01 15:05:57 Successfully seeded universities
2026/05/01 15:05:57 Successfully seeded courses
2026/05/01 15:05:57 Successfully seeded academic colleges (+2/A level/Diploma only)
2026/05/01 15:05:57 Successfully seeded college-university-course mappings
2026/05/01 15:05:57 Successfully seeded exams
2026/05/01 15:05:57 Successfully seeded news
2026/05/01 15:05:57 Successfully seeded events
2026/05/01 15:05:57 Successfully seeded scholarships
2026-05-01T15:05:57.531+0545	[34mINFO[0m	server/main.go:156	Database seeding completed
2026-05-01T15:05:57.531+0545	[34mINFO[0m	server/main.go:159	Initializing module handlers...
2026-05-01T15:05:57.531+0545	[34mINFO[0m	server/main.go:178	All module handlers initialized
2026-05-01T15:05:57.531+0545	[34mINFO[0m	server/main.go:180	Setting up router...
2026-05-01T15:05:57.531+0545	[34mINFO[0m	server/main.go:216	All routes registered	{"port": "8080"}
2026-05-01T15:05:57.531+0545	[34mINFO[0m	server/main.go:224	Server started successfully	{"port": "8080"}
2026-05-01T15:06:00.001+0545	[34mINFO[0m	server/main.go:268	request	{"method": "GET", "path": "/api/v1/education/scholarships/10001", "status": 200, "latency": "1.1262ms", "ip": "::1"}
[API] 2026/05/01 - 15:06:00 |[97;42m 200 [0m|      1.1262ms |             ::1 | [GET] [97;44mGET     [0m /api/v1/education/scholarships/10001
2026-05-01T15:06:08.951+0545	[34mINFO[0m	server/main.go:230	Shutting down server...
asynq: pid=163905 2026/05/01 09:21:08.951962 INFO: Starting graceful shutdown
2026-05-01T15:06:09.334+0545	[34mINFO[0m	server/main.go:268	request	{"method": "OPTIONS", "path": "/api/v1/education/scholarships/10002/apply", "status": 204, "latency": "23.397µs", "ip": "127.0.0.1"}
[API] 2026/05/01 - 15:06:09 |[97;42m 204 [0m|      23.397µs |       127.0.0.1 | [OPT] [90;47mOPTIONS [0m /api/v1/education/scholarships/10002/apply

2026/05/01 15:06:09 [31;1m/home/durgesh/Work/studsphere/studsback/internal/scholarship/repository.go:118 [35;1mrecord not found
[0m[33m[0.637ms] [34;1m[rows:0][0m SELECT * FROM "scholarships" WHERE "scholarships"."id" = 10002 AND "scholarships"."deleted_at" IS NULL ORDER BY "scholarships"."id" LIMIT 1
2026-05-01T15:06:09.335+0545	[34mINFO[0m	server/main.go:268	request	{"method": "POST", "path": "/api/v1/education/scholarships/10002/apply", "status": 404, "latency": "960.885µs", "ip": "127.0.0.1"}
[API] 2026/05/01 - 15:06:09 |[90;43m 404 [0m|     960.885µs |       127.0.0.1 | [POST] [97;46mPOST    [0m /api/v1/education/scholarships/10002/apply
asynq: pid=163905 2026/05/01 09:21:09.339232 INFO: Waiting for all workers to finish...
asynq: pid=163905 2026/05/01 09:21:09.339351 INFO: All workers have finished
asynq: pid=163905 2026/05/01 09:21:09.340492 INFO: Exiting
2026-05-01T15:06:10.341+0545	[34mINFO[0m	server/main.go:234	Server exited
